
Discarded input sections

 .data          0x0000000000000000        0x4 /home/zizy/project/0531_ATS/ATS3605D_base/toolchain/arm-openwrt-linux-uclibcgnueabi/toolchain-arm_cortex-a5+neon_gcc-4.8-linaro_uClibc-0.9.33.2_eabi/bin/../lib/gcc/arm-openwrt-linux-uclibcgnueabi/4.8.3/../../../../arm-openwrt-linux-uclibcgnueabi/lib/crt1.o
 .bss           0x0000000000000000        0x0 /home/zizy/project/0531_ATS/ATS3605D_base/toolchain/arm-openwrt-linux-uclibcgnueabi/toolchain-arm_cortex-a5+neon_gcc-4.8-linaro_uClibc-0.9.33.2_eabi/bin/../lib/gcc/arm-openwrt-linux-uclibcgnueabi/4.8.3/../../../../arm-openwrt-linux-uclibcgnueabi/lib/crt1.o
 .note.GNU-stack
                0x0000000000000000        0x0 /home/zizy/project/0531_ATS/ATS3605D_base/toolchain/arm-openwrt-linux-uclibcgnueabi/toolchain-arm_cortex-a5+neon_gcc-4.8-linaro_uClibc-0.9.33.2_eabi/bin/../lib/gcc/arm-openwrt-linux-uclibcgnueabi/4.8.3/../../../../arm-openwrt-linux-uclibcgnueabi/lib/crt1.o
 .text          0x0000000000000000        0x0 /home/zizy/project/0531_ATS/ATS3605D_base/toolchain/arm-openwrt-linux-uclibcgnueabi/toolchain-arm_cortex-a5+neon_gcc-4.8-linaro_uClibc-0.9.33.2_eabi/bin/../lib/gcc/arm-openwrt-linux-uclibcgnueabi/4.8.3/../../../../arm-openwrt-linux-uclibcgnueabi/lib/crti.o
 .data          0x0000000000000000        0x0 /home/zizy/project/0531_ATS/ATS3605D_base/toolchain/arm-openwrt-linux-uclibcgnueabi/toolchain-arm_cortex-a5+neon_gcc-4.8-linaro_uClibc-0.9.33.2_eabi/bin/../lib/gcc/arm-openwrt-linux-uclibcgnueabi/4.8.3/../../../../arm-openwrt-linux-uclibcgnueabi/lib/crti.o
 .bss           0x0000000000000000        0x0 /home/zizy/project/0531_ATS/ATS3605D_base/toolchain/arm-openwrt-linux-uclibcgnueabi/toolchain-arm_cortex-a5+neon_gcc-4.8-linaro_uClibc-0.9.33.2_eabi/bin/../lib/gcc/arm-openwrt-linux-uclibcgnueabi/4.8.3/../../../../arm-openwrt-linux-uclibcgnueabi/lib/crti.o
 .note.GNU-stack
                0x0000000000000000        0x0 /home/zizy/project/0531_ATS/ATS3605D_base/toolchain/arm-openwrt-linux-uclibcgnueabi/toolchain-arm_cortex-a5+neon_gcc-4.8-linaro_uClibc-0.9.33.2_eabi/bin/../lib/gcc/arm-openwrt-linux-uclibcgnueabi/4.8.3/../../../../arm-openwrt-linux-uclibcgnueabi/lib/crti.o
 .note.GNU-stack
                0x0000000000000000        0x0 /home/zizy/project/0531_ATS/ATS3605D_base/toolchain/arm-openwrt-linux-uclibcgnueabi/toolchain-arm_cortex-a5+neon_gcc-4.8-linaro_uClibc-0.9.33.2_eabi/bin/../lib/gcc/arm-openwrt-linux-uclibcgnueabi/4.8.3/crtbegin.o
 .data          0x0000000000000000        0x0 __tmp__/halo_tcp_srv.o
 .note.GNU-stack
                0x0000000000000000        0x0 __tmp__/halo_tcp_srv.o
 .data          0x0000000000000000        0x0 __tmp__/halo_http.o
 .note.GNU-stack
                0x0000000000000000        0x0 __tmp__/halo_http.o
 .data          0x0000000000000000        0x0 __tmp__/common.o
 .note.GNU-stack
                0x0000000000000000        0x0 __tmp__/common.o
 .data          0x0000000000000000        0x0 __tmp__/halo_udp.o
 .note.GNU-stack
                0x0000000000000000        0x0 __tmp__/halo_udp.o
 .data          0x0000000000000000        0x0 __tmp__/main.o
 .bss           0x0000000000000000        0x0 __tmp__/main.o
 .note.GNU-stack
                0x0000000000000000        0x0 __tmp__/main.o
 .data          0x0000000000000000        0x0 __tmp__/halo_utf8.o
 .bss           0x0000000000000000        0x0 __tmp__/halo_utf8.o
 .note.GNU-stack
                0x0000000000000000        0x0 __tmp__/halo_utf8.o
 .data          0x0000000000000000        0x0 __tmp__/cJSON.o
 .note.GNU-stack
                0x0000000000000000        0x0 __tmp__/cJSON.o
 .bss           0x0000000000000000        0x0 __tmp__/halo_uart.o
 .note.GNU-stack
                0x0000000000000000        0x0 __tmp__/halo_uart.o
 .bss           0x0000000000000000        0x0 __tmp__/halo_tcp_cli.o
 .note.GNU-stack
                0x0000000000000000        0x0 __tmp__/halo_tcp_cli.o
 .data          0x0000000000000000        0x0 __tmp__/halo_http_regist.o
 .bss           0x0000000000000000        0x0 __tmp__/halo_http_regist.o
 .note.GNU-stack
                0x0000000000000000        0x0 __tmp__/halo_http_regist.o
 .data          0x0000000000000000        0x0 __tmp__/halo_product.o
 .bss           0x0000000000000000        0x0 __tmp__/halo_product.o
 .note.GNU-stack
                0x0000000000000000        0x0 __tmp__/halo_product.o
 .bss           0x0000000000000000        0x0 __tmp__/md5.o
 .note.GNU-stack
                0x0000000000000000        0x0 __tmp__/md5.o
 .text          0x0000000000000000        0x0 /home/zizy/project/0531_ATS/ATS3605D_base/toolchain/arm-openwrt-linux-uclibcgnueabi/toolchain-arm_cortex-a5+neon_gcc-4.8-linaro_uClibc-0.9.33.2_eabi/bin/../lib/gcc/arm-openwrt-linux-uclibcgnueabi/4.8.3/crtend.o
 .data          0x0000000000000000        0x0 /home/zizy/project/0531_ATS/ATS3605D_base/toolchain/arm-openwrt-linux-uclibcgnueabi/toolchain-arm_cortex-a5+neon_gcc-4.8-linaro_uClibc-0.9.33.2_eabi/bin/../lib/gcc/arm-openwrt-linux-uclibcgnueabi/4.8.3/crtend.o
 .bss           0x0000000000000000        0x0 /home/zizy/project/0531_ATS/ATS3605D_base/toolchain/arm-openwrt-linux-uclibcgnueabi/toolchain-arm_cortex-a5+neon_gcc-4.8-linaro_uClibc-0.9.33.2_eabi/bin/../lib/gcc/arm-openwrt-linux-uclibcgnueabi/4.8.3/crtend.o
 .note.GNU-stack
                0x0000000000000000        0x0 /home/zizy/project/0531_ATS/ATS3605D_base/toolchain/arm-openwrt-linux-uclibcgnueabi/toolchain-arm_cortex-a5+neon_gcc-4.8-linaro_uClibc-0.9.33.2_eabi/bin/../lib/gcc/arm-openwrt-linux-uclibcgnueabi/4.8.3/crtend.o
 .text          0x0000000000000000        0x0 /home/zizy/project/0531_ATS/ATS3605D_base/toolchain/arm-openwrt-linux-uclibcgnueabi/toolchain-arm_cortex-a5+neon_gcc-4.8-linaro_uClibc-0.9.33.2_eabi/bin/../lib/gcc/arm-openwrt-linux-uclibcgnueabi/4.8.3/../../../../arm-openwrt-linux-uclibcgnueabi/lib/crtn.o
 .data          0x0000000000000000        0x0 /home/zizy/project/0531_ATS/ATS3605D_base/toolchain/arm-openwrt-linux-uclibcgnueabi/toolchain-arm_cortex-a5+neon_gcc-4.8-linaro_uClibc-0.9.33.2_eabi/bin/../lib/gcc/arm-openwrt-linux-uclibcgnueabi/4.8.3/../../../../arm-openwrt-linux-uclibcgnueabi/lib/crtn.o
 .bss           0x0000000000000000        0x0 /home/zizy/project/0531_ATS/ATS3605D_base/toolchain/arm-openwrt-linux-uclibcgnueabi/toolchain-arm_cortex-a5+neon_gcc-4.8-linaro_uClibc-0.9.33.2_eabi/bin/../lib/gcc/arm-openwrt-linux-uclibcgnueabi/4.8.3/../../../../arm-openwrt-linux-uclibcgnueabi/lib/crtn.o
 .note.GNU-stack
                0x0000000000000000        0x0 /home/zizy/project/0531_ATS/ATS3605D_base/toolchain/arm-openwrt-linux-uclibcgnueabi/toolchain-arm_cortex-a5+neon_gcc-4.8-linaro_uClibc-0.9.33.2_eabi/bin/../lib/gcc/arm-openwrt-linux-uclibcgnueabi/4.8.3/../../../../arm-openwrt-linux-uclibcgnueabi/lib/crtn.o

Memory Configuration

Name             Origin             Length             Attributes
*default*        0x0000000000000000 0xffffffffffffffff

Linker script and memory map

LOAD /home/zizy/project/0531_ATS/ATS3605D_base/toolchain/arm-openwrt-linux-uclibcgnueabi/toolchain-arm_cortex-a5+neon_gcc-4.8-linaro_uClibc-0.9.33.2_eabi/bin/../lib/gcc/arm-openwrt-linux-uclibcgnueabi/4.8.3/../../../../arm-openwrt-linux-uclibcgnueabi/lib/crt1.o
LOAD /home/zizy/project/0531_ATS/ATS3605D_base/toolchain/arm-openwrt-linux-uclibcgnueabi/toolchain-arm_cortex-a5+neon_gcc-4.8-linaro_uClibc-0.9.33.2_eabi/bin/../lib/gcc/arm-openwrt-linux-uclibcgnueabi/4.8.3/../../../../arm-openwrt-linux-uclibcgnueabi/lib/crti.o
LOAD /home/zizy/project/0531_ATS/ATS3605D_base/toolchain/arm-openwrt-linux-uclibcgnueabi/toolchain-arm_cortex-a5+neon_gcc-4.8-linaro_uClibc-0.9.33.2_eabi/bin/../lib/gcc/arm-openwrt-linux-uclibcgnueabi/4.8.3/crtbegin.o
LOAD __tmp__/halo_tcp_srv.o
LOAD __tmp__/halo_http.o
LOAD __tmp__/common.o
LOAD __tmp__/halo_udp.o
LOAD __tmp__/main.o
LOAD __tmp__/halo_utf8.o
LOAD __tmp__/cJSON.o
LOAD __tmp__/halo_uart.o
LOAD __tmp__/halo_tcp_cli.o
LOAD __tmp__/halo_http_regist.o
LOAD __tmp__/halo_product.o
LOAD __tmp__/md5.o
LOAD /home/zizy/project/0531_ATS/ATS3605D_base/toolchain/arm-openwrt-linux-uclibcgnueabi/toolchain-arm_cortex-a5+neon_gcc-4.8-linaro_uClibc-0.9.33.2_eabi/bin/../lib/gcc/arm-openwrt-linux-uclibcgnueabi/4.8.3/../../../../arm-openwrt-linux-uclibcgnueabi/lib/libpthread.so
START GROUP
LOAD /home/zizy/project/0531_ATS/ATS3605D_base/toolchain/arm-openwrt-linux-uclibcgnueabi/toolchain-arm_cortex-a5+neon_gcc-4.8-linaro_uClibc-0.9.33.2_eabi/bin/../lib/gcc/arm-openwrt-linux-uclibcgnueabi/4.8.3/../../../../arm-openwrt-linux-uclibcgnueabi/lib/libpthread.so.0
LOAD /home/zizy/project/0531_ATS/ATS3605D_base/toolchain/arm-openwrt-linux-uclibcgnueabi/toolchain-arm_cortex-a5+neon_gcc-4.8-linaro_uClibc-0.9.33.2_eabi/bin/../lib/gcc/arm-openwrt-linux-uclibcgnueabi/4.8.3/../../../../arm-openwrt-linux-uclibcgnueabi/lib/libpthread_nonshared.a
END GROUP
LOAD /home/zizy/project/0531_ATS/ATS3605D_base/openwrt/staging_dir/target-arm-openwrt-linux-uclibcgnueabi/usr/lib/libapplib.so
LOAD /home/zizy/project/0531_ATS/ATS3605D_base/toolchain/arm-openwrt-linux-uclibcgnueabi/toolchain-arm_cortex-a5+neon_gcc-4.8-linaro_uClibc-0.9.33.2_eabi/bin/../lib/gcc/arm-openwrt-linux-uclibcgnueabi/4.8.3/../../../../arm-openwrt-linux-uclibcgnueabi/lib/librt.so
LOAD /home/zizy/project/0531_ATS/ATS3605D_base/openwrt/staging_dir/target-arm-openwrt-linux-uclibcgnueabi/usr/lib/libapconfig.so
LOAD /home/zizy/project/0531_ATS/ATS3605D_base/toolchain/arm-openwrt-linux-uclibcgnueabi/toolchain-arm_cortex-a5+neon_gcc-4.8-linaro_uClibc-0.9.33.2_eabi/bin/../lib/gcc/arm-openwrt-linux-uclibcgnueabi/4.8.3/../../../../arm-openwrt-linux-uclibcgnueabi/lib/libdl.so
LOAD /home/zizy/project/0531_ATS/ATS3605D_base/openwrt/staging_dir/target-arm-openwrt-linux-uclibcgnueabi/usr/lib/libconfigpart.so
LOAD ../../out/usr/lib/libwifi_client.so
LOAD /home/zizy/project/0531_ATS/ATS3605D_base/toolchain/arm-openwrt-linux-uclibcgnueabi/toolchain-arm_cortex-a5+neon_gcc-4.8-linaro_uClibc-0.9.33.2_eabi/bin/../lib/gcc/arm-openwrt-linux-uclibcgnueabi/4.8.3/../../../../arm-openwrt-linux-uclibcgnueabi/lib/libm.so
LOAD /home/zizy/project/0531_ATS/ATS3605D_base/openwrt/staging_dir/target-arm-openwrt-linux-uclibcgnueabi/usr/lib/libalooper.so
LOAD /home/zizy/project/0531_ATS/ATS3605D_base/openwrt/staging_dir/target-arm-openwrt-linux-uclibcgnueabi/usr/lib/libstream_source.so
LOAD /home/zizy/project/0531_ATS/ATS3605D_base/openwrt/staging_dir/target-arm-openwrt-linux-uclibcgnueabi/usr/lib/libjson-c.so
LOAD /home/zizy/project/0531_ATS/ATS3605D_base/openwrt/staging_dir/target-arm-openwrt-linux-uclibcgnueabi/usr/lib/libmlang.so
LOAD ../../out/usr/lib/libmedia_navi_api.so
LOAD /home/zizy/project/0531_ATS/ATS3605D_base/openwrt/staging_dir/target-arm-openwrt-linux-uclibcgnueabi/usr/lib/libcares.so
LOAD ../../out/usr/lib/libmedia_navi_api.so
LOAD ../../out/usr/lib/libmusic_player_api.so
LOAD ../../out/usr/lib/libsmart_player_api.so
LOAD ../../out/usr/lib/libhope_api.so
LOAD ../../out/usr/lib/libmsg_server_api.so
LOAD /home/zizy/project/0531_ATS/ATS3605D_base/toolchain/arm-openwrt-linux-uclibcgnueabi/toolchain-arm_cortex-a5+neon_gcc-4.8-linaro_uClibc-0.9.33.2_eabi/bin/../lib/gcc/arm-openwrt-linux-uclibcgnueabi/4.8.3/../../../../arm-openwrt-linux-uclibcgnueabi/lib/libc.so
START GROUP
LOAD /home/zizy/project/0531_ATS/ATS3605D_base/toolchain/arm-openwrt-linux-uclibcgnueabi/toolchain-arm_cortex-a5+neon_gcc-4.8-linaro_uClibc-0.9.33.2_eabi/bin/../lib/gcc/arm-openwrt-linux-uclibcgnueabi/4.8.3/../../../../arm-openwrt-linux-uclibcgnueabi/lib/libc.so.0
LOAD /home/zizy/project/0531_ATS/ATS3605D_base/toolchain/arm-openwrt-linux-uclibcgnueabi/toolchain-arm_cortex-a5+neon_gcc-4.8-linaro_uClibc-0.9.33.2_eabi/bin/../lib/gcc/arm-openwrt-linux-uclibcgnueabi/4.8.3/../../../../arm-openwrt-linux-uclibcgnueabi/lib/uclibc_nonshared.a
LOAD /home/zizy/project/0531_ATS/ATS3605D_base/toolchain/arm-openwrt-linux-uclibcgnueabi/toolchain-arm_cortex-a5+neon_gcc-4.8-linaro_uClibc-0.9.33.2_eabi/bin/../lib/gcc/arm-openwrt-linux-uclibcgnueabi/4.8.3/../../../../arm-openwrt-linux-uclibcgnueabi/lib/ld-uClibc.so.0
END GROUP
LOAD /home/zizy/project/0531_ATS/ATS3605D_base/toolchain/arm-openwrt-linux-uclibcgnueabi/toolchain-arm_cortex-a5+neon_gcc-4.8-linaro_uClibc-0.9.33.2_eabi/bin/../lib/gcc/arm-openwrt-linux-uclibcgnueabi/4.8.3/../../../../arm-openwrt-linux-uclibcgnueabi/lib/libgcc_s.so
START GROUP
LOAD /home/zizy/project/0531_ATS/ATS3605D_base/toolchain/arm-openwrt-linux-uclibcgnueabi/toolchain-arm_cortex-a5+neon_gcc-4.8-linaro_uClibc-0.9.33.2_eabi/bin/../lib/gcc/arm-openwrt-linux-uclibcgnueabi/4.8.3/../../../../arm-openwrt-linux-uclibcgnueabi/lib/libgcc_s.so.1
LOAD /home/zizy/project/0531_ATS/ATS3605D_base/toolchain/arm-openwrt-linux-uclibcgnueabi/toolchain-arm_cortex-a5+neon_gcc-4.8-linaro_uClibc-0.9.33.2_eabi/bin/../lib/gcc/arm-openwrt-linux-uclibcgnueabi/4.8.3/libgcc.a
END GROUP
LOAD /home/zizy/project/0531_ATS/ATS3605D_base/toolchain/arm-openwrt-linux-uclibcgnueabi/toolchain-arm_cortex-a5+neon_gcc-4.8-linaro_uClibc-0.9.33.2_eabi/bin/../lib/gcc/arm-openwrt-linux-uclibcgnueabi/4.8.3/../../../../arm-openwrt-linux-uclibcgnueabi/lib/libc.so
START GROUP
LOAD /home/zizy/project/0531_ATS/ATS3605D_base/toolchain/arm-openwrt-linux-uclibcgnueabi/toolchain-arm_cortex-a5+neon_gcc-4.8-linaro_uClibc-0.9.33.2_eabi/bin/../lib/gcc/arm-openwrt-linux-uclibcgnueabi/4.8.3/../../../../arm-openwrt-linux-uclibcgnueabi/lib/libc.so.0
LOAD /home/zizy/project/0531_ATS/ATS3605D_base/toolchain/arm-openwrt-linux-uclibcgnueabi/toolchain-arm_cortex-a5+neon_gcc-4.8-linaro_uClibc-0.9.33.2_eabi/bin/../lib/gcc/arm-openwrt-linux-uclibcgnueabi/4.8.3/../../../../arm-openwrt-linux-uclibcgnueabi/lib/uclibc_nonshared.a
LOAD /home/zizy/project/0531_ATS/ATS3605D_base/toolchain/arm-openwrt-linux-uclibcgnueabi/toolchain-arm_cortex-a5+neon_gcc-4.8-linaro_uClibc-0.9.33.2_eabi/bin/../lib/gcc/arm-openwrt-linux-uclibcgnueabi/4.8.3/../../../../arm-openwrt-linux-uclibcgnueabi/lib/ld-uClibc.so.0
END GROUP
LOAD /home/zizy/project/0531_ATS/ATS3605D_base/toolchain/arm-openwrt-linux-uclibcgnueabi/toolchain-arm_cortex-a5+neon_gcc-4.8-linaro_uClibc-0.9.33.2_eabi/bin/../lib/gcc/arm-openwrt-linux-uclibcgnueabi/4.8.3/../../../../arm-openwrt-linux-uclibcgnueabi/lib/libgcc_s.so
START GROUP
LOAD /home/zizy/project/0531_ATS/ATS3605D_base/toolchain/arm-openwrt-linux-uclibcgnueabi/toolchain-arm_cortex-a5+neon_gcc-4.8-linaro_uClibc-0.9.33.2_eabi/bin/../lib/gcc/arm-openwrt-linux-uclibcgnueabi/4.8.3/../../../../arm-openwrt-linux-uclibcgnueabi/lib/libgcc_s.so.1
LOAD /home/zizy/project/0531_ATS/ATS3605D_base/toolchain/arm-openwrt-linux-uclibcgnueabi/toolchain-arm_cortex-a5+neon_gcc-4.8-linaro_uClibc-0.9.33.2_eabi/bin/../lib/gcc/arm-openwrt-linux-uclibcgnueabi/4.8.3/libgcc.a
END GROUP
LOAD /home/zizy/project/0531_ATS/ATS3605D_base/toolchain/arm-openwrt-linux-uclibcgnueabi/toolchain-arm_cortex-a5+neon_gcc-4.8-linaro_uClibc-0.9.33.2_eabi/bin/../lib/gcc/arm-openwrt-linux-uclibcgnueabi/4.8.3/crtend.o
LOAD /home/zizy/project/0531_ATS/ATS3605D_base/toolchain/arm-openwrt-linux-uclibcgnueabi/toolchain-arm_cortex-a5+neon_gcc-4.8-linaro_uClibc-0.9.33.2_eabi/bin/../lib/gcc/arm-openwrt-linux-uclibcgnueabi/4.8.3/../../../../arm-openwrt-linux-uclibcgnueabi/lib/crtn.o
                0x0000000000010000                PROVIDE (__executable_start, 0x10000)
                0x00000000000100f4                . = (0x10000 + SIZEOF_HEADERS)

.interp         0x00000000000100f4       0x14
 *(.interp)
 .interp        0x00000000000100f4       0x14 /home/zizy/project/0531_ATS/ATS3605D_base/toolchain/arm-openwrt-linux-uclibcgnueabi/toolchain-arm_cortex-a5+neon_gcc-4.8-linaro_uClibc-0.9.33.2_eabi/bin/../lib/gcc/arm-openwrt-linux-uclibcgnueabi/4.8.3/../../../../arm-openwrt-linux-uclibcgnueabi/lib/crt1.o

.note.gnu.build-id
 *(.note.gnu.build-id)

.hash           0x0000000000010108      0x290
 *(.hash)
 .hash          0x0000000000010108      0x290 /home/zizy/project/0531_ATS/ATS3605D_base/toolchain/arm-openwrt-linux-uclibcgnueabi/toolchain-arm_cortex-a5+neon_gcc-4.8-linaro_uClibc-0.9.33.2_eabi/bin/../lib/gcc/arm-openwrt-linux-uclibcgnueabi/4.8.3/../../../../arm-openwrt-linux-uclibcgnueabi/lib/crt1.o

.gnu.hash
 *(.gnu.hash)

.dynsym         0x0000000000010398      0x5f0
 *(.dynsym)
 .dynsym        0x0000000000010398      0x5f0 /home/zizy/project/0531_ATS/ATS3605D_base/toolchain/arm-openwrt-linux-uclibcgnueabi/toolchain-arm_cortex-a5+neon_gcc-4.8-linaro_uClibc-0.9.33.2_eabi/bin/../lib/gcc/arm-openwrt-linux-uclibcgnueabi/4.8.3/../../../../arm-openwrt-linux-uclibcgnueabi/lib/crt1.o

.dynstr         0x0000000000010988      0x525
 *(.dynstr)
 .dynstr        0x0000000000010988      0x525 /home/zizy/project/0531_ATS/ATS3605D_base/toolchain/arm-openwrt-linux-uclibcgnueabi/toolchain-arm_cortex-a5+neon_gcc-4.8-linaro_uClibc-0.9.33.2_eabi/bin/../lib/gcc/arm-openwrt-linux-uclibcgnueabi/4.8.3/../../../../arm-openwrt-linux-uclibcgnueabi/lib/crt1.o

.gnu.version    0x0000000000010eae        0x0
 *(.gnu.version)
 .gnu.version   0x0000000000000000        0x0 /home/zizy/project/0531_ATS/ATS3605D_base/toolchain/arm-openwrt-linux-uclibcgnueabi/toolchain-arm_cortex-a5+neon_gcc-4.8-linaro_uClibc-0.9.33.2_eabi/bin/../lib/gcc/arm-openwrt-linux-uclibcgnueabi/4.8.3/../../../../arm-openwrt-linux-uclibcgnueabi/lib/crt1.o

.gnu.version_d  0x0000000000010eb0        0x0
 *(.gnu.version_d)
 .gnu.version_d
                0x0000000000000000        0x0 /home/zizy/project/0531_ATS/ATS3605D_base/toolchain/arm-openwrt-linux-uclibcgnueabi/toolchain-arm_cortex-a5+neon_gcc-4.8-linaro_uClibc-0.9.33.2_eabi/bin/../lib/gcc/arm-openwrt-linux-uclibcgnueabi/4.8.3/../../../../arm-openwrt-linux-uclibcgnueabi/lib/crt1.o

.gnu.version_r  0x0000000000010eb0        0x0
 *(.gnu.version_r)
 .gnu.version_r
                0x0000000000000000        0x0 /home/zizy/project/0531_ATS/ATS3605D_base/toolchain/arm-openwrt-linux-uclibcgnueabi/toolchain-arm_cortex-a5+neon_gcc-4.8-linaro_uClibc-0.9.33.2_eabi/bin/../lib/gcc/arm-openwrt-linux-uclibcgnueabi/4.8.3/../../../../arm-openwrt-linux-uclibcgnueabi/lib/crt1.o

.rel.dyn        0x0000000000010eb0       0x18
 *(.rel.init)
 *(.rel.text .rel.text.* .rel.gnu.linkonce.t.*)
 *(.rel.fini)
 *(.rel.rodata .rel.rodata.* .rel.gnu.linkonce.r.*)
 *(.rel.data.rel.ro .rel.data.rel.ro.* .rel.gnu.linkonce.d.rel.ro.*)
 *(.rel.data .rel.data.* .rel.gnu.linkonce.d.*)
 *(.rel.tdata .rel.tdata.* .rel.gnu.linkonce.td.*)
 *(.rel.tbss .rel.tbss.* .rel.gnu.linkonce.tb.*)
 *(.rel.ctors)
 *(.rel.dtors)
 *(.rel.got)
 .rel.got       0x0000000000010eb0       0x18 /home/zizy/project/0531_ATS/ATS3605D_base/toolchain/arm-openwrt-linux-uclibcgnueabi/toolchain-arm_cortex-a5+neon_gcc-4.8-linaro_uClibc-0.9.33.2_eabi/bin/../lib/gcc/arm-openwrt-linux-uclibcgnueabi/4.8.3/../../../../arm-openwrt-linux-uclibcgnueabi/lib/crt1.o
 *(.rel.bss .rel.bss.* .rel.gnu.linkonce.b.*)
 .rel.bss       0x0000000000000000        0x0 /home/zizy/project/0531_ATS/ATS3605D_base/toolchain/arm-openwrt-linux-uclibcgnueabi/toolchain-arm_cortex-a5+neon_gcc-4.8-linaro_uClibc-0.9.33.2_eabi/bin/../lib/gcc/arm-openwrt-linux-uclibcgnueabi/4.8.3/../../../../arm-openwrt-linux-uclibcgnueabi/lib/crt1.o
                0x0000000000010ec8                PROVIDE (__rel_iplt_start, .)
 *(.rel.iplt)
 .rel.iplt      0x0000000000000000        0x0 /home/zizy/project/0531_ATS/ATS3605D_base/toolchain/arm-openwrt-linux-uclibcgnueabi/toolchain-arm_cortex-a5+neon_gcc-4.8-linaro_uClibc-0.9.33.2_eabi/bin/../lib/gcc/arm-openwrt-linux-uclibcgnueabi/4.8.3/../../../../arm-openwrt-linux-uclibcgnueabi/lib/crt1.o
                0x0000000000010ec8                PROVIDE (__rel_iplt_end, .)

.rela.dyn       0x0000000000010ec8        0x0
 *(.rela.init)
 *(.rela.text .rela.text.* .rela.gnu.linkonce.t.*)
 *(.rela.fini)
 *(.rela.rodata .rela.rodata.* .rela.gnu.linkonce.r.*)
 *(.rela.data .rela.data.* .rela.gnu.linkonce.d.*)
 *(.rela.tdata .rela.tdata.* .rela.gnu.linkonce.td.*)
 *(.rela.tbss .rela.tbss.* .rela.gnu.linkonce.tb.*)
 *(.rela.ctors)
 *(.rela.dtors)
 *(.rela.got)
 *(.rela.bss .rela.bss.* .rela.gnu.linkonce.b.*)
                0x0000000000010ec8                PROVIDE (__rela_iplt_start, .)
 *(.rela.iplt)
                0x0000000000010ec8                PROVIDE (__rela_iplt_end, .)

.rel.plt        0x0000000000010ec8      0x220
 *(.rel.plt)
 .rel.plt       0x0000000000010ec8      0x220 /home/zizy/project/0531_ATS/ATS3605D_base/toolchain/arm-openwrt-linux-uclibcgnueabi/toolchain-arm_cortex-a5+neon_gcc-4.8-linaro_uClibc-0.9.33.2_eabi/bin/../lib/gcc/arm-openwrt-linux-uclibcgnueabi/4.8.3/../../../../arm-openwrt-linux-uclibcgnueabi/lib/crt1.o

.rela.plt
 *(.rela.plt)

.init           0x00000000000110e8       0x10
 *(SORT(.init))
 .init          0x00000000000110e8        0xc /home/zizy/project/0531_ATS/ATS3605D_base/toolchain/arm-openwrt-linux-uclibcgnueabi/toolchain-arm_cortex-a5+neon_gcc-4.8-linaro_uClibc-0.9.33.2_eabi/bin/../lib/gcc/arm-openwrt-linux-uclibcgnueabi/4.8.3/../../../../arm-openwrt-linux-uclibcgnueabi/lib/crti.o
                0x00000000000110e8                _init
 .init          0x00000000000110f4        0x4 /home/zizy/project/0531_ATS/ATS3605D_base/toolchain/arm-openwrt-linux-uclibcgnueabi/toolchain-arm_cortex-a5+neon_gcc-4.8-linaro_uClibc-0.9.33.2_eabi/bin/../lib/gcc/arm-openwrt-linux-uclibcgnueabi/4.8.3/../../../../arm-openwrt-linux-uclibcgnueabi/lib/crtn.o

.plt            0x00000000000110f8      0x344
 *(.plt)
 .plt           0x00000000000110f8      0x344 /home/zizy/project/0531_ATS/ATS3605D_base/toolchain/arm-openwrt-linux-uclibcgnueabi/toolchain-arm_cortex-a5+neon_gcc-4.8-linaro_uClibc-0.9.33.2_eabi/bin/../lib/gcc/arm-openwrt-linux-uclibcgnueabi/4.8.3/../../../../arm-openwrt-linux-uclibcgnueabi/lib/crt1.o
                0x000000000001110c                bind
                0x0000000000011124                gethostbyname
                0x0000000000011130                __errno_location
                0x000000000001113c                open
                0x0000000000011148                floor
                0x0000000000011154                usleep
                0x0000000000011160                memcpy
                0x000000000001116c                ghttp_status_code
                0x0000000000011178                connect
                0x0000000000011184                sleep
                0x0000000000011190                send
                0x000000000001119c                ghttp_set_body
                0x00000000000111a8                ghttp_request_destroy
                0x00000000000111b4                malloc
                0x00000000000111c0                strncmp
                0x00000000000111cc                __uClibc_main
                0x00000000000111d8                ioctl
                0x00000000000111e4                get_config
                0x00000000000111f0                recv
                0x00000000000111fc                strlen
                0x0000000000011208                set_config
                0x0000000000011214                fcntl
                0x0000000000011220                read
                0x000000000001122c                select
                0x0000000000011238                cfsetispeed
                0x0000000000011244                ghttp_prepare
                0x0000000000011250                sync_config
                0x000000000001125c                setsockopt
                0x0000000000011268                ghttp_connect
                0x0000000000011274                cfsetospeed
                0x0000000000011280                pthread_create
                0x000000000001128c                write
                0x0000000000011298                close
                0x00000000000112a4                pthread_self
                0x00000000000112b0                strncpy
                0x00000000000112bc                tcsetattr
                0x00000000000112c8                tcgetattr
                0x00000000000112d4                ghttp_read
                0x00000000000112e0                memset
                0x00000000000112ec                hotplug_get_wifi_status
                0x00000000000112f8                tcflush
                0x0000000000011304                inet_addr
                0x0000000000011310                abort
                0x000000000001131c                recvfrom
                0x0000000000011328                sprintf
                0x0000000000011334                pthread_exit
                0x0000000000011340                socket
                0x000000000001134c                pthread_cancel
                0x0000000000011358                pow
                0x0000000000011364                strstr
                0x0000000000011370                strcmp
                0x000000000001137c                wifi_get_wifi_info
                0x0000000000011388                ghttp_set_uri
                0x0000000000011394                accept
                0x00000000000113a0                free
                0x00000000000113ac                strchr
                0x00000000000113b8                listen
                0x00000000000113c4                ghttp_set_type
                0x00000000000113d0                printf
                0x00000000000113dc                ghttp_set_header
                0x00000000000113e8                pthread_detach
                0x00000000000113f4                puts
                0x0000000000011400                ghttp_request_new
                0x000000000001140c                pipe
                0x0000000000011418                strcpy
                0x0000000000011430                pthread_join

.iplt           0x000000000001143c        0x0
 *(.iplt)
 .iplt          0x0000000000000000        0x0 /home/zizy/project/0531_ATS/ATS3605D_base/toolchain/arm-openwrt-linux-uclibcgnueabi/toolchain-arm_cortex-a5+neon_gcc-4.8-linaro_uClibc-0.9.33.2_eabi/bin/../lib/gcc/arm-openwrt-linux-uclibcgnueabi/4.8.3/../../../../arm-openwrt-linux-uclibcgnueabi/lib/crt1.o

.text           0x0000000000011440     0x6724
 *(.text.unlikely .text.*_unlikely .text.unlikely.*)
 *(.text.exit .text.exit.*)
 *(.text.startup .text.startup.*)
 .text.startup  0x0000000000011440       0xc4 __tmp__/main.o
                0x0000000000011440                main
 *(.text.hot .text.hot.*)
 *(.text .stub .text.* .gnu.linkonce.t.*)
 .text          0x0000000000011504       0x3c /home/zizy/project/0531_ATS/ATS3605D_base/toolchain/arm-openwrt-linux-uclibcgnueabi/toolchain-arm_cortex-a5+neon_gcc-4.8-linaro_uClibc-0.9.33.2_eabi/bin/../lib/gcc/arm-openwrt-linux-uclibcgnueabi/4.8.3/../../../../arm-openwrt-linux-uclibcgnueabi/lib/crt1.o
                0x0000000000011504                _start
 .text          0x0000000000011540       0xe0 /home/zizy/project/0531_ATS/ATS3605D_base/toolchain/arm-openwrt-linux-uclibcgnueabi/toolchain-arm_cortex-a5+neon_gcc-4.8-linaro_uClibc-0.9.33.2_eabi/bin/../lib/gcc/arm-openwrt-linux-uclibcgnueabi/4.8.3/crtbegin.o
 .text          0x0000000000011620      0x2a4 __tmp__/halo_tcp_srv.o
                0x0000000000011620                tcp_srv_send_cb
                0x0000000000011628                tcp_srv_close_cb
                0x0000000000011660                tcp_srv_recv_cb
                0x00000000000116f8                init_tcp_server
                0x0000000000011828                tcp_accept_cb
 .text          0x00000000000118c4      0xca0 __tmp__/halo_http.o
                0x0000000000011d30                add_hash
                0x0000000000011e10                del_hash
                0x0000000000011e7c                free_hash
                0x0000000000011eb0                add_post
                0x0000000000011ff8                add_post_dynamic
                0x00000000000120e0                add_post_hash_bodies
                0x00000000000121a4                add_post_hash_bodies_dy
                0x0000000000012268                init_http
                0x00000000000122ec                halo_http_start
                0x0000000000012310                halo_http_result
                0x000000000001233c                deinit_http
 .text          0x0000000000012564      0xe3c __tmp__/common.o
                0x0000000000012588                halo_init_add
                0x0000000000012698                halo_send_add
                0x00000000000127cc                halo_send_del
                0x000000000001288c                halo_loop_add
                0x00000000000129c8                halo_loop_del
                0x0000000000012a48                halo_common_del
                0x0000000000012e08                halo_common_send
                0x0000000000012ed0                pipe_callback
                0x0000000000012f2c                halo_common_init
                0x00000000000130a8                halo_common_deinit
                0x00000000000132d4                halo_common_start
                0x000000000001332c                halo_common_stop
                0x0000000000013350                halo_update
 .text          0x00000000000133a0      0x258 __tmp__/halo_udp.o
                0x00000000000133a0                halo_init_udp
                0x0000000000013554                halo_udp_close_cb
                0x0000000000013558                halo_udp_recv_cb
 .text          0x00000000000135f8      0x1f0 __tmp__/main.o
                0x000000000001374c                timeout_cb
                0x00000000000137a4                test_proc
 .text          0x00000000000137e8      0x3c8 __tmp__/halo_utf8.o
                0x00000000000137e8                utf8_cut_string
                0x0000000000013874                utf8_strlen
                0x00000000000138f4                add_x_www_couple
                0x0000000000013b50                sizeof_x_www_format
 .text          0x0000000000013bb0     0x1c88 __tmp__/cJSON.o
                0x0000000000014f30                cJSON_GetErrorPtr
                0x0000000000014f40                cJSON_InitHooks
                0x0000000000014fc8                cJSON_Delete
                0x0000000000015068                cJSON_ParseWithOpts
                0x0000000000015104                cJSON_Parse
                0x0000000000015110                cJSON_Print
                0x000000000001511c                cJSON_PrintUnformatted
                0x0000000000015128                cJSON_GetArraySize
                0x0000000000015144                cJSON_GetArrayItem
                0x0000000000015160                cJSON_GetObjectItem
                0x0000000000015194                cJSON_AddItemToArray
                0x00000000000151c8                cJSON_AddItemToObject
                0x0000000000015218                cJSON_AddItemReferenceToArray
                0x0000000000015238                cJSON_AddItemReferenceToObject
                0x0000000000015260                cJSON_DetachItemFromArray
                0x00000000000152c4                cJSON_DeleteItemFromArray
                0x00000000000152d4                cJSON_DetachItemFromObject
                0x0000000000015324                cJSON_DeleteItemFromObject
                0x0000000000015334                cJSON_ReplaceItemInArray
                0x0000000000015394                cJSON_ReplaceItemInObject
                0x00000000000153f0                cJSON_CreateNull
                0x0000000000015408                cJSON_CreateTrue
                0x0000000000015420                cJSON_CreateFalse
                0x0000000000015438                cJSON_CreateBool
                0x000000000001545c                cJSON_CreateNumber
                0x000000000001548c                cJSON_CreateString
                0x00000000000154bc                cJSON_CreateArray
                0x00000000000154d4                cJSON_CreateObject
                0x00000000000154ec                cJSON_CreateIntArray
                0x0000000000015548                cJSON_CreateFloatArray
                0x00000000000155a0                cJSON_CreateDoubleArray
                0x00000000000155f4                cJSON_CreateStringArray
                0x0000000000015648                cJSON_Duplicate
                0x0000000000015724                cJSON_Minify
 .text          0x0000000000015838      0x3f0 __tmp__/halo_uart.o
                0x0000000000015838                halo_init_uart
                0x0000000000015b80                halo_uart_recv
                0x0000000000015c24                halo_uart_close
 .text          0x0000000000015c28      0x1b8 __tmp__/halo_tcp_cli.o
                0x0000000000015c28                init_tcp_cli
                0x0000000000015d5c                tcp_cli_recv_cb
                0x0000000000015dac                tcp_cli_close
 .text          0x0000000000015de0     0x1018 __tmp__/halo_http_regist.o
                0x0000000000016114                regist_mac
                0x0000000000016210                get_ref_from_json
                0x0000000000016480                regist_device
                0x000000000001675c                regist_property_dy
                0x00000000000169e8                regist_join_dy
                0x0000000000016d58                regist_first
 .text          0x0000000000016df8      0x194 __tmp__/halo_product.o
                0x0000000000016df8                get_mac_string
                0x0000000000016ee0                get_server_ip
                0x0000000000016f0c                get_dev_sn
                0x0000000000016f24                get_dev_uuid
                0x0000000000016f3c                get_ver
                0x0000000000016f50                get_cid
                0x0000000000016f64                get_sid
                0x0000000000016f78                get_key
 .text          0x0000000000016f8c      0xbd8 __tmp__/md5.o
                0x0000000000016f8c                MD5Init
                0x0000000000016fcc                MD5Encode
                0x0000000000017014                MD5Decode
                0x0000000000017058                MD5Transform
                0x0000000000017a38                MD5Update
                0x0000000000017ae8                MD5Final
 *(.gnu.warning)
 *(.glue_7t)
 .glue_7t       0x0000000000000000        0x0 linker stubs
 *(.glue_7)
 .glue_7        0x0000000000000000        0x0 linker stubs
 *(.vfp11_veneer)
 .vfp11_veneer  0x0000000000000000        0x0 linker stubs
 *(.v4_bx)
 .v4_bx         0x0000000000000000        0x0 linker stubs

.fini           0x0000000000017b64       0x10
 *(SORT(.fini))
 .fini          0x0000000000017b64        0xc /home/zizy/project/0531_ATS/ATS3605D_base/toolchain/arm-openwrt-linux-uclibcgnueabi/toolchain-arm_cortex-a5+neon_gcc-4.8-linaro_uClibc-0.9.33.2_eabi/bin/../lib/gcc/arm-openwrt-linux-uclibcgnueabi/4.8.3/../../../../arm-openwrt-linux-uclibcgnueabi/lib/crti.o
                0x0000000000017b64                _fini
 .fini          0x0000000000017b70        0x4 /home/zizy/project/0531_ATS/ATS3605D_base/toolchain/arm-openwrt-linux-uclibcgnueabi/toolchain-arm_cortex-a5+neon_gcc-4.8-linaro_uClibc-0.9.33.2_eabi/bin/../lib/gcc/arm-openwrt-linux-uclibcgnueabi/4.8.3/../../../../arm-openwrt-linux-uclibcgnueabi/lib/crtn.o
                0x0000000000017b74                PROVIDE (__etext, .)
                0x0000000000017b74                PROVIDE (_etext, .)
                0x0000000000017b74                PROVIDE (etext, .)

.rodata         0x0000000000017b74     0x1753
 *(.rodata .rodata.* .gnu.linkonce.r.*)
 .rodata.str1.1
                0x0000000000017b74      0x136 __tmp__/halo_tcp_srv.o
 .rodata.str1.1
                0x0000000000017caa      0x3f4 __tmp__/halo_http.o
 .rodata.str1.1
                0x000000000001809e      0x68c __tmp__/common.o
 .rodata.str1.1
                0x000000000001872a      0x1b4 __tmp__/halo_udp.o
 .rodata.str1.1
                0x00000000000188de      0x12c __tmp__/main.o
 .rodata.str1.1
                0x0000000000018a0a       0xa3 __tmp__/halo_utf8.o
 .rodata        0x0000000000018aad        0x7 __tmp__/cJSON.o
 .rodata.str1.1
                0x0000000000018ab4       0x2f __tmp__/cJSON.o
                                         0x30 (size before relaxing)
 .rodata.str1.1
                0x0000000000018ae3      0x1b3 __tmp__/halo_uart.o
 .rodata.str1.1
                0x0000000000018c96       0xcb __tmp__/halo_tcp_cli.o
 .rodata.str1.1
                0x0000000000018d61      0x4d2 __tmp__/halo_http_regist.o
                                        0x4f8 (size before relaxing)
 .rodata.str1.1
                0x0000000000019233       0x94 __tmp__/halo_product.o
                                         0xeb (size before relaxing)

.rodata1
 *(.rodata1)

.ARM.extab
 *(.ARM.extab* .gnu.linkonce.armextab.*)
                0x00000000000192c7                PROVIDE (__exidx_start, .)

.ARM.exidx
 *(.ARM.exidx* .gnu.linkonce.armexidx.*)
                0x00000000000192c7                PROVIDE (__exidx_end, .)

.eh_frame_hdr   0x00000000000192c8        0x0
 *(.eh_frame_hdr)
 .eh_frame_hdr  0x0000000000000000        0x0 /home/zizy/project/0531_ATS/ATS3605D_base/toolchain/arm-openwrt-linux-uclibcgnueabi/toolchain-arm_cortex-a5+neon_gcc-4.8-linaro_uClibc-0.9.33.2_eabi/bin/../lib/gcc/arm-openwrt-linux-uclibcgnueabi/4.8.3/../../../../arm-openwrt-linux-uclibcgnueabi/lib/crtn.o

.eh_frame       0x00000000000192c8        0x4
 *(.eh_frame)
 .eh_frame      0x00000000000192c8        0x0 /home/zizy/project/0531_ATS/ATS3605D_base/toolchain/arm-openwrt-linux-uclibcgnueabi/toolchain-arm_cortex-a5+neon_gcc-4.8-linaro_uClibc-0.9.33.2_eabi/bin/../lib/gcc/arm-openwrt-linux-uclibcgnueabi/4.8.3/crtbegin.o
 .eh_frame      0x00000000000192c8        0x4 /home/zizy/project/0531_ATS/ATS3605D_base/toolchain/arm-openwrt-linux-uclibcgnueabi/toolchain-arm_cortex-a5+neon_gcc-4.8-linaro_uClibc-0.9.33.2_eabi/bin/../lib/gcc/arm-openwrt-linux-uclibcgnueabi/4.8.3/crtend.o

.gcc_except_table
 *(.gcc_except_table .gcc_except_table.*)

.exception_ranges
 *(.exception_ranges .exception_ranges*)
                0x00000000000192cc                . = (ALIGN (0x10000) - ((0x10000 - .) & 0xffff))
                0x00000000000292cc                . = DATA_SEGMENT_ALIGN (0x10000, 0x1000)

.eh_frame
 *(.eh_frame)

.gcc_except_table
 *(.gcc_except_table .gcc_except_table.*)

.exception_ranges
 *(.exception_ranges .exception_ranges*)

.tdata
 *(.tdata .tdata.* .gnu.linkonce.td.*)

.tbss
 *(.tbss .tbss.* .gnu.linkonce.tb.*)
 *(.tcommon)

.preinit_array  0x00000000000292cc        0x0
                0x00000000000292cc                PROVIDE (__preinit_array_start, .)
 *(.preinit_array)
                0x00000000000292cc                PROVIDE (__preinit_array_end, .)

.init_array     0x00000000000292cc        0x4
                0x00000000000292cc                PROVIDE (__init_array_start, .)
 *(SORT(.init_array.*))
 *(.init_array)
 .init_array    0x00000000000292cc        0x4 /home/zizy/project/0531_ATS/ATS3605D_base/toolchain/arm-openwrt-linux-uclibcgnueabi/toolchain-arm_cortex-a5+neon_gcc-4.8-linaro_uClibc-0.9.33.2_eabi/bin/../lib/gcc/arm-openwrt-linux-uclibcgnueabi/4.8.3/crtbegin.o
                0x00000000000292d0                PROVIDE (__init_array_end, .)

.fini_array     0x00000000000292d0        0x4
                0x00000000000292d0                PROVIDE (__fini_array_start, .)
 *(SORT(.fini_array.*))
 *(.fini_array)
 .fini_array    0x00000000000292d0        0x4 /home/zizy/project/0531_ATS/ATS3605D_base/toolchain/arm-openwrt-linux-uclibcgnueabi/toolchain-arm_cortex-a5+neon_gcc-4.8-linaro_uClibc-0.9.33.2_eabi/bin/../lib/gcc/arm-openwrt-linux-uclibcgnueabi/4.8.3/crtbegin.o
                0x00000000000292d4                PROVIDE (__fini_array_end, .)

.ctors
 *crtbegin.o(.ctors)
 *crtbegin?.o(.ctors)
 *(EXCLUDE_FILE(*crtend?.o *crtend.o) .ctors)
 *(SORT(.ctors.*))
 *(.ctors)

.dtors
 *crtbegin.o(.dtors)
 *crtbegin?.o(.dtors)
 *(EXCLUDE_FILE(*crtend?.o *crtend.o) .dtors)
 *(SORT(.dtors.*))
 *(.dtors)

.jcr
 *(.jcr)

.data.rel.ro
 *(.data.rel.ro.local* .gnu.linkonce.d.rel.ro.local.*)
 *(.data.rel.ro .data.rel.ro.* .gnu.linkonce.d.rel.ro.*)

.dynamic        0x00000000000292d4      0x168
 *(.dynamic)
 .dynamic       0x00000000000292d4      0x168 /home/zizy/project/0531_ATS/ATS3605D_base/toolchain/arm-openwrt-linux-uclibcgnueabi/toolchain-arm_cortex-a5+neon_gcc-4.8-linaro_uClibc-0.9.33.2_eabi/bin/../lib/gcc/arm-openwrt-linux-uclibcgnueabi/4.8.3/../../../../arm-openwrt-linux-uclibcgnueabi/lib/crt1.o
                0x00000000000292d4                _DYNAMIC
                0x000000000002943c                . = DATA_SEGMENT_RELRO_END (., 0x0)

.got            0x000000000002943c      0x15c
 *(.got.plt)
 .got.plt       0x000000000002943c      0x11c /home/zizy/project/0531_ATS/ATS3605D_base/toolchain/arm-openwrt-linux-uclibcgnueabi/toolchain-arm_cortex-a5+neon_gcc-4.8-linaro_uClibc-0.9.33.2_eabi/bin/../lib/gcc/arm-openwrt-linux-uclibcgnueabi/4.8.3/../../../../arm-openwrt-linux-uclibcgnueabi/lib/crt1.o
                0x000000000002943c                _GLOBAL_OFFSET_TABLE_
 *(.igot.plt)
 .igot.plt      0x0000000000000000        0x0 /home/zizy/project/0531_ATS/ATS3605D_base/toolchain/arm-openwrt-linux-uclibcgnueabi/toolchain-arm_cortex-a5+neon_gcc-4.8-linaro_uClibc-0.9.33.2_eabi/bin/../lib/gcc/arm-openwrt-linux-uclibcgnueabi/4.8.3/../../../../arm-openwrt-linux-uclibcgnueabi/lib/crt1.o
 *(.got)
 .got           0x0000000000029558       0x40 /home/zizy/project/0531_ATS/ATS3605D_base/toolchain/arm-openwrt-linux-uclibcgnueabi/toolchain-arm_cortex-a5+neon_gcc-4.8-linaro_uClibc-0.9.33.2_eabi/bin/../lib/gcc/arm-openwrt-linux-uclibcgnueabi/4.8.3/../../../../arm-openwrt-linux-uclibcgnueabi/lib/crt1.o
 *(.igot)

.data           0x0000000000029598      0x194
                0x0000000000029598                PROVIDE (__data_start, .)
 *(.data .data.* .gnu.linkonce.d.*)
 .data          0x0000000000029598        0x4 /home/zizy/project/0531_ATS/ATS3605D_base/toolchain/arm-openwrt-linux-uclibcgnueabi/toolchain-arm_cortex-a5+neon_gcc-4.8-linaro_uClibc-0.9.33.2_eabi/bin/../lib/gcc/arm-openwrt-linux-uclibcgnueabi/4.8.3/crtbegin.o
                0x0000000000029598                __dso_handle
 .data.rel.local
                0x000000000002959c       0x18 __tmp__/common.o
 .data.rel      0x00000000000295b4        0x8 __tmp__/cJSON.o
 .data          0x00000000000295bc       0x98 __tmp__/halo_uart.o
 .data          0x0000000000029654       0x98 __tmp__/halo_tcp_cli.o
 .data          0x00000000000296ec       0x40 __tmp__/md5.o
                0x00000000000296ec                PADDING

.tm_clone_table
                0x000000000002972c        0x0
 .tm_clone_table
                0x000000000002972c        0x0 /home/zizy/project/0531_ATS/ATS3605D_base/toolchain/arm-openwrt-linux-uclibcgnueabi/toolchain-arm_cortex-a5+neon_gcc-4.8-linaro_uClibc-0.9.33.2_eabi/bin/../lib/gcc/arm-openwrt-linux-uclibcgnueabi/4.8.3/crtbegin.o
 .tm_clone_table
                0x000000000002972c        0x0 /home/zizy/project/0531_ATS/ATS3605D_base/toolchain/arm-openwrt-linux-uclibcgnueabi/toolchain-arm_cortex-a5+neon_gcc-4.8-linaro_uClibc-0.9.33.2_eabi/bin/../lib/gcc/arm-openwrt-linux-uclibcgnueabi/4.8.3/crtend.o

.data1
 *(.data1)
                0x000000000002972c                _edata = .
                0x000000000002972c                PROVIDE (edata, .)
                0x000000000002972c                . = .
                0x000000000002972c                __bss_start = .
                0x000000000002972c                __bss_start__ = .

.bss            0x000000000002972c       0x5c
 *(.dynbss)
 .dynbss        0x0000000000000000        0x0 /home/zizy/project/0531_ATS/ATS3605D_base/toolchain/arm-openwrt-linux-uclibcgnueabi/toolchain-arm_cortex-a5+neon_gcc-4.8-linaro_uClibc-0.9.33.2_eabi/bin/../lib/gcc/arm-openwrt-linux-uclibcgnueabi/4.8.3/../../../../arm-openwrt-linux-uclibcgnueabi/lib/crt1.o
 *(.bss .bss.* .gnu.linkonce.b.*)
 .bss           0x000000000002972c       0x1c /home/zizy/project/0531_ATS/ATS3605D_base/toolchain/arm-openwrt-linux-uclibcgnueabi/toolchain-arm_cortex-a5+neon_gcc-4.8-linaro_uClibc-0.9.33.2_eabi/bin/../lib/gcc/arm-openwrt-linux-uclibcgnueabi/4.8.3/crtbegin.o
 .bss           0x0000000000029748       0x18 __tmp__/halo_tcp_srv.o
 .bss           0x0000000000029760        0x4 __tmp__/halo_http.o
 .bss           0x0000000000029764        0x4 __tmp__/common.o
 .bss           0x0000000000029768       0x1c __tmp__/halo_udp.o
 .bss           0x0000000000029784        0x4 __tmp__/cJSON.o
 *(COMMON)
                0x0000000000029788                . = ALIGN ((. != 0x0)?0x4:0x1)
                0x0000000000029788                _bss_end__ = .
                0x0000000000029788                __bss_end__ = .
                0x0000000000029788                . = ALIGN (0x4)
                0x0000000000029788                . = SEGMENT_START ("ldata-segment", .)
                0x0000000000029788                . = ALIGN (0x4)
                0x0000000000029788                __end__ = .
                0x0000000000029788                _end = .
                0x0000000000029788                PROVIDE (end, .)
                0x0000000000029788                . = DATA_SEGMENT_END (.)

.stab
 *(.stab)

.stabstr
 *(.stabstr)

.stab.excl
 *(.stab.excl)

.stab.exclstr
 *(.stab.exclstr)

.stab.index
 *(.stab.index)

.stab.indexstr
 *(.stab.indexstr)

.comment        0x0000000000000000       0x61
 *(.comment)
 .comment       0x0000000000000000       0x2e /home/zizy/project/0531_ATS/ATS3605D_base/toolchain/arm-openwrt-linux-uclibcgnueabi/toolchain-arm_cortex-a5+neon_gcc-4.8-linaro_uClibc-0.9.33.2_eabi/bin/../lib/gcc/arm-openwrt-linux-uclibcgnueabi/4.8.3/../../../../arm-openwrt-linux-uclibcgnueabi/lib/crti.o
                                         0x2f (size before relaxing)
 .comment       0x000000000000002e       0x33 /home/zizy/project/0531_ATS/ATS3605D_base/toolchain/arm-openwrt-linux-uclibcgnueabi/toolchain-arm_cortex-a5+neon_gcc-4.8-linaro_uClibc-0.9.33.2_eabi/bin/../lib/gcc/arm-openwrt-linux-uclibcgnueabi/4.8.3/crtbegin.o
                                         0x34 (size before relaxing)
 .comment       0x0000000000000000       0x34 __tmp__/halo_tcp_srv.o
 .comment       0x0000000000000000       0x34 __tmp__/halo_http.o
 .comment       0x0000000000000000       0x34 __tmp__/common.o
 .comment       0x0000000000000000       0x34 __tmp__/halo_udp.o
 .comment       0x0000000000000000       0x34 __tmp__/main.o
 .comment       0x0000000000000000       0x34 __tmp__/halo_utf8.o
 .comment       0x0000000000000000       0x34 __tmp__/cJSON.o
 .comment       0x0000000000000000       0x34 __tmp__/halo_uart.o
 .comment       0x0000000000000000       0x34 __tmp__/halo_tcp_cli.o
 .comment       0x0000000000000000       0x34 __tmp__/halo_http_regist.o
 .comment       0x0000000000000000       0x34 __tmp__/halo_product.o
 .comment       0x0000000000000000       0x34 __tmp__/md5.o
 .comment       0x0000000000000000       0x34 /home/zizy/project/0531_ATS/ATS3605D_base/toolchain/arm-openwrt-linux-uclibcgnueabi/toolchain-arm_cortex-a5+neon_gcc-4.8-linaro_uClibc-0.9.33.2_eabi/bin/../lib/gcc/arm-openwrt-linux-uclibcgnueabi/4.8.3/crtend.o
 .comment       0x0000000000000000       0x2f /home/zizy/project/0531_ATS/ATS3605D_base/toolchain/arm-openwrt-linux-uclibcgnueabi/toolchain-arm_cortex-a5+neon_gcc-4.8-linaro_uClibc-0.9.33.2_eabi/bin/../lib/gcc/arm-openwrt-linux-uclibcgnueabi/4.8.3/../../../../arm-openwrt-linux-uclibcgnueabi/lib/crtn.o

.ARM.attributes
                0x0000000000000000       0x33
 .ARM.attributes
                0x0000000000000000       0x21 /home/zizy/project/0531_ATS/ATS3605D_base/toolchain/arm-openwrt-linux-uclibcgnueabi/toolchain-arm_cortex-a5+neon_gcc-4.8-linaro_uClibc-0.9.33.2_eabi/bin/../lib/gcc/arm-openwrt-linux-uclibcgnueabi/4.8.3/../../../../arm-openwrt-linux-uclibcgnueabi/lib/crt1.o
 .ARM.attributes
                0x0000000000000021       0x21 /home/zizy/project/0531_ATS/ATS3605D_base/toolchain/arm-openwrt-linux-uclibcgnueabi/toolchain-arm_cortex-a5+neon_gcc-4.8-linaro_uClibc-0.9.33.2_eabi/bin/../lib/gcc/arm-openwrt-linux-uclibcgnueabi/4.8.3/../../../../arm-openwrt-linux-uclibcgnueabi/lib/crti.o
 .ARM.attributes
                0x0000000000000042       0x37 /home/zizy/project/0531_ATS/ATS3605D_base/toolchain/arm-openwrt-linux-uclibcgnueabi/toolchain-arm_cortex-a5+neon_gcc-4.8-linaro_uClibc-0.9.33.2_eabi/bin/../lib/gcc/arm-openwrt-linux-uclibcgnueabi/4.8.3/crtbegin.o
 .ARM.attributes
                0x0000000000000079       0x37 __tmp__/halo_tcp_srv.o
 .ARM.attributes
                0x00000000000000b0       0x37 __tmp__/halo_http.o
 .ARM.attributes
                0x00000000000000e7       0x37 __tmp__/common.o
 .ARM.attributes
                0x000000000000011e       0x37 __tmp__/halo_udp.o
 .ARM.attributes
                0x0000000000000155       0x37 __tmp__/main.o
 .ARM.attributes
                0x000000000000018c       0x37 __tmp__/halo_utf8.o
 .ARM.attributes
                0x00000000000001c3       0x37 __tmp__/cJSON.o
 .ARM.attributes
                0x00000000000001fa       0x37 __tmp__/halo_uart.o
 .ARM.attributes
                0x0000000000000231       0x37 __tmp__/halo_tcp_cli.o
 .ARM.attributes
                0x0000000000000268       0x37 __tmp__/halo_http_regist.o
 .ARM.attributes
                0x000000000000029f       0x37 __tmp__/halo_product.o
 .ARM.attributes
                0x00000000000002d6       0x37 __tmp__/md5.o
 .ARM.attributes
                0x000000000000030d       0x37 /home/zizy/project/0531_ATS/ATS3605D_base/toolchain/arm-openwrt-linux-uclibcgnueabi/toolchain-arm_cortex-a5+neon_gcc-4.8-linaro_uClibc-0.9.33.2_eabi/bin/../lib/gcc/arm-openwrt-linux-uclibcgnueabi/4.8.3/crtend.o
 .ARM.attributes
                0x0000000000000344       0x21 /home/zizy/project/0531_ATS/ATS3605D_base/toolchain/arm-openwrt-linux-uclibcgnueabi/toolchain-arm_cortex-a5+neon_gcc-4.8-linaro_uClibc-0.9.33.2_eabi/bin/../lib/gcc/arm-openwrt-linux-uclibcgnueabi/4.8.3/../../../../arm-openwrt-linux-uclibcgnueabi/lib/crtn.o

.debug
 *(.debug)

.line
 *(.line)

.debug_srcinfo
 *(.debug_srcinfo)

.debug_sfnames
 *(.debug_sfnames)

.debug_aranges  0x0000000000000000       0x70
 *(.debug_aranges)
 .debug_aranges
                0x0000000000000000       0x20 /home/zizy/project/0531_ATS/ATS3605D_base/toolchain/arm-openwrt-linux-uclibcgnueabi/toolchain-arm_cortex-a5+neon_gcc-4.8-linaro_uClibc-0.9.33.2_eabi/bin/../lib/gcc/arm-openwrt-linux-uclibcgnueabi/4.8.3/../../../../arm-openwrt-linux-uclibcgnueabi/lib/crt1.o
 .debug_aranges
                0x0000000000000020       0x28 /home/zizy/project/0531_ATS/ATS3605D_base/toolchain/arm-openwrt-linux-uclibcgnueabi/toolchain-arm_cortex-a5+neon_gcc-4.8-linaro_uClibc-0.9.33.2_eabi/bin/../lib/gcc/arm-openwrt-linux-uclibcgnueabi/4.8.3/../../../../arm-openwrt-linux-uclibcgnueabi/lib/crti.o
 .debug_aranges
                0x0000000000000048       0x28 /home/zizy/project/0531_ATS/ATS3605D_base/toolchain/arm-openwrt-linux-uclibcgnueabi/toolchain-arm_cortex-a5+neon_gcc-4.8-linaro_uClibc-0.9.33.2_eabi/bin/../lib/gcc/arm-openwrt-linux-uclibcgnueabi/4.8.3/../../../../arm-openwrt-linux-uclibcgnueabi/lib/crtn.o

.debug_pubnames
 *(.debug_pubnames)

.debug_info     0x0000000000000000      0x2aa
 *(.debug_info .gnu.linkonce.wi.*)
 .debug_info    0x0000000000000000       0xe6 /home/zizy/project/0531_ATS/ATS3605D_base/toolchain/arm-openwrt-linux-uclibcgnueabi/toolchain-arm_cortex-a5+neon_gcc-4.8-linaro_uClibc-0.9.33.2_eabi/bin/../lib/gcc/arm-openwrt-linux-uclibcgnueabi/4.8.3/../../../../arm-openwrt-linux-uclibcgnueabi/lib/crt1.o
 .debug_info    0x00000000000000e6       0xe2 /home/zizy/project/0531_ATS/ATS3605D_base/toolchain/arm-openwrt-linux-uclibcgnueabi/toolchain-arm_cortex-a5+neon_gcc-4.8-linaro_uClibc-0.9.33.2_eabi/bin/../lib/gcc/arm-openwrt-linux-uclibcgnueabi/4.8.3/../../../../arm-openwrt-linux-uclibcgnueabi/lib/crti.o
 .debug_info    0x00000000000001c8       0xe2 /home/zizy/project/0531_ATS/ATS3605D_base/toolchain/arm-openwrt-linux-uclibcgnueabi/toolchain-arm_cortex-a5+neon_gcc-4.8-linaro_uClibc-0.9.33.2_eabi/bin/../lib/gcc/arm-openwrt-linux-uclibcgnueabi/4.8.3/../../../../arm-openwrt-linux-uclibcgnueabi/lib/crtn.o

.debug_abbrev   0x0000000000000000       0x38
 *(.debug_abbrev)
 .debug_abbrev  0x0000000000000000       0x14 /home/zizy/project/0531_ATS/ATS3605D_base/toolchain/arm-openwrt-linux-uclibcgnueabi/toolchain-arm_cortex-a5+neon_gcc-4.8-linaro_uClibc-0.9.33.2_eabi/bin/../lib/gcc/arm-openwrt-linux-uclibcgnueabi/4.8.3/../../../../arm-openwrt-linux-uclibcgnueabi/lib/crt1.o
 .debug_abbrev  0x0000000000000014       0x12 /home/zizy/project/0531_ATS/ATS3605D_base/toolchain/arm-openwrt-linux-uclibcgnueabi/toolchain-arm_cortex-a5+neon_gcc-4.8-linaro_uClibc-0.9.33.2_eabi/bin/../lib/gcc/arm-openwrt-linux-uclibcgnueabi/4.8.3/../../../../arm-openwrt-linux-uclibcgnueabi/lib/crti.o
 .debug_abbrev  0x0000000000000026       0x12 /home/zizy/project/0531_ATS/ATS3605D_base/toolchain/arm-openwrt-linux-uclibcgnueabi/toolchain-arm_cortex-a5+neon_gcc-4.8-linaro_uClibc-0.9.33.2_eabi/bin/../lib/gcc/arm-openwrt-linux-uclibcgnueabi/4.8.3/../../../../arm-openwrt-linux-uclibcgnueabi/lib/crtn.o

.debug_line     0x0000000000000000      0x11e
 *(.debug_line .debug_line.* .debug_line_end)
 .debug_line    0x0000000000000000       0x62 /home/zizy/project/0531_ATS/ATS3605D_base/toolchain/arm-openwrt-linux-uclibcgnueabi/toolchain-arm_cortex-a5+neon_gcc-4.8-linaro_uClibc-0.9.33.2_eabi/bin/../lib/gcc/arm-openwrt-linux-uclibcgnueabi/4.8.3/../../../../arm-openwrt-linux-uclibcgnueabi/lib/crt1.o
 .debug_line    0x0000000000000062       0x60 /home/zizy/project/0531_ATS/ATS3605D_base/toolchain/arm-openwrt-linux-uclibcgnueabi/toolchain-arm_cortex-a5+neon_gcc-4.8-linaro_uClibc-0.9.33.2_eabi/bin/../lib/gcc/arm-openwrt-linux-uclibcgnueabi/4.8.3/../../../../arm-openwrt-linux-uclibcgnueabi/lib/crti.o
 .debug_line    0x00000000000000c2       0x5c /home/zizy/project/0531_ATS/ATS3605D_base/toolchain/arm-openwrt-linux-uclibcgnueabi/toolchain-arm_cortex-a5+neon_gcc-4.8-linaro_uClibc-0.9.33.2_eabi/bin/../lib/gcc/arm-openwrt-linux-uclibcgnueabi/4.8.3/../../../../arm-openwrt-linux-uclibcgnueabi/lib/crtn.o

.debug_frame
 *(.debug_frame)

.debug_str
 *(.debug_str)

.debug_loc
 *(.debug_loc)

.debug_macinfo
 *(.debug_macinfo)

.debug_weaknames
 *(.debug_weaknames)

.debug_funcnames
 *(.debug_funcnames)

.debug_typenames
 *(.debug_typenames)

.debug_varnames
 *(.debug_varnames)

.debug_pubtypes
 *(.debug_pubtypes)

.debug_ranges   0x0000000000000000       0x40
 *(.debug_ranges)
 .debug_ranges  0x0000000000000000       0x20 /home/zizy/project/0531_ATS/ATS3605D_base/toolchain/arm-openwrt-linux-uclibcgnueabi/toolchain-arm_cortex-a5+neon_gcc-4.8-linaro_uClibc-0.9.33.2_eabi/bin/../lib/gcc/arm-openwrt-linux-uclibcgnueabi/4.8.3/../../../../arm-openwrt-linux-uclibcgnueabi/lib/crti.o
 .debug_ranges  0x0000000000000020       0x20 /home/zizy/project/0531_ATS/ATS3605D_base/toolchain/arm-openwrt-linux-uclibcgnueabi/toolchain-arm_cortex-a5+neon_gcc-4.8-linaro_uClibc-0.9.33.2_eabi/bin/../lib/gcc/arm-openwrt-linux-uclibcgnueabi/4.8.3/../../../../arm-openwrt-linux-uclibcgnueabi/lib/crtn.o

.debug_macro
 *(.debug_macro)

.gnu.attributes
 *(.gnu.attributes)

.note.gnu.arm.ident
 *(.note.gnu.arm.ident)

/DISCARD/
 *(.note.GNU-stack)
 *(.gnu_debuglink)
 *(.gnu.lto_*)
OUTPUT(__tmp__/halo_frame elf32-littlearm)
